============================= test session starts =============================
platform win32 -- Python 3.11.9, pytest-9.1.1, pluggy-1.6.0 -- C:\Users\Administrator\AppData\Local\hermes\hermes-agent\venv\Scripts\python.exe
cachedir: .pytest_cache
rootdir: D:\Users\Administrator\Desktop\autodev-ng\data\prompt-autoresearch\worktrees\7b8c6d54
configfile: pytest.ini
plugins: anyio-4.14.2, langsmith-0.8.9, asyncio-1.4.0, cov-7.1.0, split-0.11.0, timeout-2.4.0, xdist-3.8.0
asyncio: mode=Mode.STRICT, debug=False, asyncio_default_fixture_loop_scope=None, asyncio_default_test_loop_scope=function
collecting ... collected 26 items

tests/manual-goal-error-free-evolution.py::TestThreeCrashCorrectOutputs::test_crash1_holdout_avg_none_no_crash PASSED [  3%]
tests/manual-goal-error-free-evolution.py::TestThreeCrashCorrectOutputs::test_crash1_generations_logged PASSED [  7%]
tests/manual-goal-error-free-evolution.py::TestThreeCrashCorrectOutputs::test_crash2_dict_failure_code_compare PASSED [ 11%]
tests/manual-goal-error-free-evolution.py::TestThreeCrashCorrectOutputs::test_crash2_mixed_string_and_dict_failures PASSED [ 15%]
tests/manual-goal-error-free-evolution.py::TestThreeCrashCorrectOutputs::test_crash3_type_variance_single_type PASSED [ 19%]
tests/manual-goal-error-free-evolution.py::TestThreeCrashCorrectOutputs::test_crash3_type_variance_multi_type PASSED [ 23%]
tests/manual-goal-error-free-evolution.py::TestRootCauseDictUnhashable::test_dict_only_failures_filtered PASSED [ 26%]
tests/manual-goal-error-free-evolution.py::TestRootCauseDictUnhashable::test_dict_key_in_dict_not_usable PASSED [ 30%]
tests/manual-goal-error-free-evolution.py::TestRootCauseNoneTypeFormat::test_holdout_avg_none_yields_na_display PASSED [ 34%]
tests/manual-goal-error-free-evolution.py::TestRootCauseNoneTypeFormat::test_holdout_avg_none_dev_avg_computed PASSED [ 38%]
tests/manual-goal-error-free-evolution.py::TestRootCauseNoneTypeFormat::test_holdout_avg_none_full_run_correct_output PASSED [ 42%]
tests/manual-goal-error-free-evolution.py::TestRootCauseTypeVarianceUninitialized::test_empty_type_data_variance_zero PASSED [ 46%]
tests/manual-goal-error-free-evolution.py::TestRootCauseTypeVarianceUninitialized::test_single_type_variance_zero PASSED [ 50%]
tests/manual-goal-error-free-evolution.py::TestRootCauseTypeVarianceUninitialized::test_multi_type_variance_nonnegative PASSED [ 53%]
tests/manual-goal-error-free-evolution.py::TestF03F04CountermeasureInjection::test_loads_F03_countermeasure_text PASSED [ 57%]
tests/manual-goal-error-free-evolution.py::TestF03F04CountermeasureInjection::test_loads_F04_countermeasure_text PASSED [ 61%]
tests/manual-goal-error-free-evolution.py::TestF03F04CountermeasureInjection::test_both_F03_F04_returned_together PASSED [ 65%]
tests/manual-goal-error-free-evolution.py::TestF03F04CountermeasureInjection::test_countermeasure_block_format PASSED [ 69%]
tests/manual-goal-error-free-evolution.py::TestF03F04CountermeasureInjection::test_injected_field_in_round_complete PASSED [ 73%]
tests/manual-goal-error-free-evolution.py::TestF03F04CountermeasureInjection::test_no_dominant_failure_empty_countermeasures PASSED [ 76%]
tests/manual-goal-error-free-evolution.py::TestDateRangeErrorFreeRoundComplete::test_at_least_3_error_free_round_complete_in_date_range PASSED [ 80%]
tests/manual-goal-error-free-evolution.py::TestDateRangeErrorFreeRoundComplete::test_round_complete_fields_are_correct_types PASSED [ 84%]
tests/manual-goal-error-free-evolution.py::TestBaselineHashUnchanged::test_hash_unchanged_after_evolution PASSED [ 88%]
tests/manual-goal-error-free-evolution.py::TestBaselineHashUnchanged::test_hash_unchanged_after_convergence PASSED [ 92%]
tests/manual-goal-error-free-evolution.py::TestBaselineHashUnchanged::test_hash_unchanged_after_auto_evolve PASSED [ 96%]
tests/manual-goal-error-free-evolution.py::TestBaselineHashUnchanged::test_actual_baseline_file_exists PASSED [100%]

=============================== tests coverage ================================
_______________ coverage: platform win32, python 3.11.9-final-0 _______________

Name                                       Stmts   Miss Branch BrPart  Cover   Missing
--------------------------------------------------------------------------------------
api\__init__.py                                0      0      0      0   100%
api\continuous_optimizer.py                   82     82     16      0     0%   13-169
api\feedback.py                               85     85     36      0     0%   13-198
api\server.py                                219    219     46      0     0%   23-396
lib\__init__.py                                0      0      0      0   100%
lib\api.py                                    63     46     20      0    20%   31-41, 51-54, 59-65, 73-114
lib\config.py                                123     41     68     18    65%   63->70, 68-69, 72-75, 156, 165, 167, 171, 176, 180, 184, 191, 193, 197, 203-204, 206, 213, 215, 235, 237-247, 252-253, 265-267, 274-278, 282
lib\io.py                                     47     32     14      1    26%   15, 22-24, 29, 34-42, 47-49, 54-63, 68-70, 75, 80
lib\metrics.py                                13      7      2      0    40%   21-27, 45-62
scripts\__init__.py                            0      0      0      0   100%
scripts\analyze_runs.py                       92     92     42      0     0%   5-138
scripts\backfill_candidate_scorecards.py      66     66     22      0     0%   12-125
scripts\collect_execution_evidence.py        153    153     40      0     0%   7-240
scripts\compare_runs.py                      161     20     58     10    84%   12->14, 14->18, 29, 38-41, 46->45, 58-59, 61-62, 126->128, 174-175, 231->236, 244-253
scripts\compare_test_runs.py                 141    141     64      0     0%   15-227
scripts\evaluate.py                          250    250     68      0     0%   6-482
scripts\evaluate_routed.py                   110    110     26      0     0%   8-176
scripts\experiment_report.py                 183    183     78      0     0%   12-308
scripts\gatekeeper.py                         82     82     48      0     0%   7-191
scripts\generate_questions.py                 21     21      8      0     0%   7-471
scripts\leaderboard.py                        43     43     18      0     0%   8-74
scripts\preflight.py                          93     93     26      0     0%   6-146
scripts\run_core_flow_e2e.py                 158    158     42      0     0%   19-442
scripts\run_test_matrix.py                    80     80     16      0     0%   4-209
scripts\verify_ci_matrix.py                   83     83     38      0     0%   4-119
scripts\verify_reproducibility.py             55     55     18      0     0%   14-120
--------------------------------------------------------------------------------------
TOTAL                                       2403   2142    814     29    11%
============================= 26 passed in 10.01s =============================

