PLATFORM_NAME=Ubuntu
PRETTY_NAME="Ubuntu 24.04.4 LTS"
NAME="Ubuntu"
VERSION_ID="24.04"
VERSION="24.04.4 LTS (Noble Numbat)"
VERSION_CODENAME=noble
ID=ubuntu
ID_LIKE=debian
HOME_URL="https://www.ubuntu.com/"
SUPPORT_URL="https://help.ubuntu.com/"
BUG_REPORT_URL="https://bugs.launchpad.net/ubuntu/"
PRIVACY_POLICY_URL="https://www.ubuntu.com/legal/terms-and-policies/privacy-policy"
UBUNTU_CODENAME=noble
LOGO=ubuntu-logo
Linux 5.15.167.4-microsoft-standard-WSL2 x86_64 GNU/Linux
Python 3.12.3
pytest 9.0.3
COMMAND=python3 -m pytest tests/ -q -o addopts= --junitxml=docs/evidence/full-suite-Ubuntu-24.04-Python-3.12.3-20260719.junit.xml
........................................................................ [ 11%]
........................................................................ [ 23%]
........................................................................ [ 35%]
........................................................................ [ 46%]
........................................................................ [ 58%]
........................................................................ [ 70%]
........................................................................ [ 82%]
........................................................................ [ 93%]
......................................                                   [100%]
614 passed in 50.10s
EXIT_CODE=0
